---
source: crates/ccusage-cli-parser/src/tests.rs
expression: cases
---
[
  {
    "case": "default all-agent daily",
    "cli": {
      "command": null,
      "shared": {
        "breakdown": false,
        "color": false,
        "compact": false,
        "config": null,
        "debug": false,
        "debugSamples": 5,
        "jq": null,
        "json": false,
        "mode": "Auto",
        "noColor": false,
        "noOffline": false,
        "offline": false,
        "order": "Asc",
        "since": null,
        "singleThread": false,
        "timezone": null,
        "until": null
      }
    }
  },
  {
    "case": "root daily with shared flags",
    "cli": {
      "command": {
        "byAgent": false,
        "codexSpeed": "Auto",
        "kind": "Daily",
        "openClawPath": null,
        "piPath": null,
        "sections": null,
        "shared": {
          "breakdown": true,
          "color": true,
          "compact": true,
          "config": null,
          "debug": true,
          "debugSamples": 9,
          "jq": ".totals",
          "json": true,
          "mode": "Calculate",
          "noColor": true,
          "noOffline": true,
          "offline": true,
          "order": "Desc",
          "since": "20260102",
          "singleThread": true,
          "timezone": "Asia/Tokyo",
          "until": "20260110"
        },
        "type": "all"
      },
      "shared": {
        "breakdown": true,
        "color": true,
        "compact": true,
        "config": null,
        "debug": true,
        "debugSamples": 9,
        "jq": ".totals",
        "json": true,
        "mode": "Calculate",
        "noColor": true,
        "noOffline": true,
        "offline": true,
        "order": "Desc",
        "since": "20260102",
        "singleThread": true,
        "timezone": "Asia/Tokyo",
        "until": "20260110"
      }
    }
  },
  {
    "case": "claude weekly monday",
    "cli": {
      "command": {
        "shared": {
          "breakdown": false,
          "color": false,
          "compact": false,
          "config": null,
          "debug": false,
          "debugSamples": 5,
          "jq": null,
          "json": false,
          "mode": "Auto",
          "noColor": false,
          "noOffline": false,
          "offline": false,
          "order": "Asc",
          "since": null,
          "singleThread": false,
          "timezone": null,
          "until": null
        },
        "startOfWeek": "Monday",
        "type": "weekly"
      },
      "shared": {
        "breakdown": false,
        "color": false,
        "compact": false,
        "config": null,
        "debug": false,
        "debugSamples": 5,
        "jq": null,
        "json": false,
        "mode": "Auto",
        "noColor": false,
        "noOffline": false,
        "offline": false,
        "order": "Asc",
        "since": null,
        "singleThread": false,
        "timezone": null,
        "until": null
      }
    }
  },
  {
    "case": "claude daily project instances",
    "cli": {
      "command": {
        "instances": true,
        "project": "repo",
        "projectAliases": "repo=Repository",
        "shared": {
          "breakdown": false,
          "color": false,
          "compact": false,
          "config": null,
          "debug": false,
          "debugSamples": 5,
          "jq": null,
          "json": false,
          "mode": "Auto",
          "noColor": false,
          "noOffline": false,
          "offline": false,
          "order": "Asc",
          "since": null,
          "singleThread": false,
          "timezone": null,
          "until": null
        },
        "type": "daily"
      },
      "shared": {
        "breakdown": false,
        "color": false,
        "compact": false,
        "config": null,
        "debug": false,
        "debugSamples": 5,
        "jq": null,
        "json": false,
        "mode": "Auto",
        "noColor": false,
        "noOffline": false,
        "offline": false,
        "order": "Asc",
        "since": null,
        "singleThread": false,
        "timezone": null,
        "until": null
      }
    }
  },
  {
    "case": "codex monthly fast",
    "cli": {
      "command": {
        "byAgent": false,
        "codexSpeed": "Fast",
        "kind": "Monthly",
        "openClawPath": null,
        "piPath": null,
        "sections": null,
        "shared": {
          "breakdown": false,
          "color": false,
          "compact": false,
          "config": null,
          "debug": false,
          "debugSamples": 5,
          "jq": null,
          "json": false,
          "mode": "Auto",
          "noColor": false,
          "noOffline": false,
          "offline": false,
          "order": "Asc",
          "since": null,
          "singleThread": false,
          "timezone": null,
          "until": null
        },
        "type": "codex"
      },
      "shared": {
        "breakdown": false,
        "color": false,
        "compact": false,
        "config": null,
        "debug": false,
        "debugSamples": 5,
        "jq": null,
        "json": false,
        "mode": "Auto",
        "noColor": false,
        "noOffline": false,
        "offline": false,
        "order": "Asc",
        "since": null,
        "singleThread": false,
        "timezone": null,
        "until": null
      }
    }
  },
  {
    "case": "opencode weekly",
    "cli": {
      "command": {
        "byAgent": false,
        "codexSpeed": "Auto",
        "kind": "Weekly",
        "openClawPath": null,
        "piPath": null,
        "sections": null,
        "shared": {
          "breakdown": false,
          "color": false,
          "compact": false,
          "config": null,
          "debug": false,
          "debugSamples": 5,
          "jq": null,
          "json": true,
          "mode": "Auto",
          "noColor": false,
          "noOffline": false,
          "offline": false,
          "order": "Asc",
          "since": null,
          "singleThread": false,
          "timezone": null,
          "until": null
        },
        "type": "opencode"
      },
      "shared": {
        "breakdown": false,
        "color": false,
        "compact": false,
        "config": null,
        "debug": false,
        "debugSamples": 5,
        "jq": null,
        "json": false,
        "mode": "Auto",
        "noColor": false,
        "noOffline": false,
        "offline": false,
        "order": "Asc",
        "since": null,
        "singleThread": false,
        "timezone": null,
        "until": null
      }
    }
  },
  {
    "case": "pi session path",
    "cli": {
      "command": {
        "byAgent": false,
        "codexSpeed": "Auto",
        "kind": "Session",
        "openClawPath": null,
        "piPath": "/tmp/pi-sessions",
        "sections": null,
        "shared": {
          "breakdown": false,
          "color": false,
          "compact": false,
          "config": null,
          "debug": false,
          "debugSamples": 5,
          "jq": null,
          "json": false,
          "mode": "Auto",
          "noColor": false,
          "noOffline": false,
          "offline": false,
          "order": "Asc",
          "since": null,
          "singleThread": false,
          "timezone": null,
          "until": null
        },
        "type": "pi"
      },
      "shared": {
        "breakdown": false,
        "color": false,
        "compact": false,
        "config": null,
        "debug": false,
        "debugSamples": 5,
        "jq": null,
        "json": false,
        "mode": "Auto",
        "noColor": false,
        "noOffline": false,
        "offline": false,
        "order": "Asc",
        "since": null,
        "singleThread": false,
        "timezone": null,
        "until": null
      }
    }
  },
  {
    "case": "openclaw session path",
    "cli": {
      "command": {
        "byAgent": false,
        "codexSpeed": "Auto",
        "kind": "Session",
        "openClawPath": "/tmp/openclaw",
        "piPath": null,
        "sections": null,
        "shared": {
          "breakdown": false,
          "color": false,
          "compact": false,
          "config": null,
          "debug": false,
          "debugSamples": 5,
          "jq": null,
          "json": false,
          "mode": "Auto",
          "noColor": false,
          "noOffline": false,
          "offline": false,
          "order": "Asc",
          "since": null,
          "singleThread": false,
          "timezone": null,
          "until": null
        },
        "type": "openclaw"
      },
      "shared": {
        "breakdown": false,
        "color": false,
        "compact": false,
        "config": null,
        "debug": false,
        "debugSamples": 5,
        "jq": null,
        "json": false,
        "mode": "Auto",
        "noColor": false,
        "noOffline": false,
        "offline": false,
        "order": "Asc",
        "since": null,
        "singleThread": false,
        "timezone": null,
        "until": null
      }
    }
  },
  {
    "case": "grok daily",
    "cli": {
      "command": {
        "byAgent": false,
        "codexSpeed": "Auto",
        "kind": "Daily",
        "openClawPath": null,
        "piPath": null,
        "sections": null,
        "shared": {
          "breakdown": false,
          "color": false,
          "compact": false,
          "config": null,
          "debug": false,
          "debugSamples": 5,
          "jq": null,
          "json": true,
          "mode": "Auto",
          "noColor": false,
          "noOffline": false,
          "offline": false,
          "order": "Asc",
          "since": null,
          "singleThread": false,
          "timezone": null,
          "until": null
        },
        "type": "grok"
      },
      "shared": {
        "breakdown": false,
        "color": false,
        "compact": false,
        "config": null,
        "debug": false,
        "debugSamples": 5,
        "jq": null,
        "json": false,
        "mode": "Auto",
        "noColor": false,
        "noOffline": false,
        "offline": false,
        "order": "Asc",
        "since": null,
        "singleThread": false,
        "timezone": null,
        "until": null
      }
    }
  },
  {
    "case": "zcode daily",
    "cli": {
      "command": {
        "byAgent": false,
        "codexSpeed": "Auto",
        "kind": "Daily",
        "openClawPath": null,
        "piPath": null,
        "sections": null,
        "shared": {
          "breakdown": false,
          "color": false,
          "compact": false,
          "config": null,
          "debug": false,
          "debugSamples": 5,
          "jq": null,
          "json": true,
          "mode": "Auto",
          "noColor": false,
          "noOffline": false,
          "offline": false,
          "order": "Asc",
          "since": null,
          "singleThread": false,
          "timezone": null,
          "until": null
        },
        "type": "zcode"
      },
      "shared": {
        "breakdown": false,
        "color": false,
        "compact": false,
        "config": null,
        "debug": false,
        "debugSamples": 5,
        "jq": null,
        "json": false,
        "mode": "Auto",
        "noColor": false,
        "noOffline": false,
        "offline": false,
        "order": "Asc",
        "since": null,
        "singleThread": false,
        "timezone": null,
        "until": null
      }
    }
  },
  {
    "case": "blocks active recent",
    "cli": {
      "command": {
        "active": true,
        "recent": true,
        "sessionLength": 6.5,
        "shared": {
          "breakdown": false,
          "color": false,
          "compact": false,
          "config": null,
          "debug": false,
          "debugSamples": 5,
          "jq": null,
          "json": false,
          "mode": "Auto",
          "noColor": false,
          "noOffline": false,
          "offline": false,
          "order": "Asc",
          "since": null,
          "singleThread": false,
          "timezone": null,
          "until": null
        },
        "tokenLimit": "max",
        "type": "blocks"
      },
      "shared": {
        "breakdown": false,
        "color": false,
        "compact": false,
        "config": null,
        "debug": false,
        "debugSamples": 5,
        "jq": null,
        "json": false,
        "mode": "Auto",
        "noColor": false,
        "noOffline": false,
        "offline": false,
        "order": "Asc",
        "since": null,
        "singleThread": false,
        "timezone": null,
        "until": null
      }
    }
  },
  {
    "case": "statusline thresholds",
    "cli": {
      "command": {
        "cache": true,
        "config": null,
        "contextLowThreshold": 45,
        "contextMediumThreshold": 75,
        "costSource": "Both",
        "debug": true,
        "noCache": true,
        "noOffline": true,
        "offline": true,
        "refreshInterval": 3,
        "type": "statusline",
        "visualBurnRate": "EmojiText"
      },
      "shared": {
        "breakdown": false,
        "color": false,
        "compact": false,
        "config": null,
        "debug": false,
        "debugSamples": 5,
        "jq": null,
        "json": false,
        "mode": "Auto",
        "noColor": false,
        "noOffline": false,
        "offline": false,
        "order": "Asc",
        "since": null,
        "singleThread": false,
        "timezone": null,
        "until": null
      }
    }
  }
]
